// Jest Snapshot v1, https://goo.gl/fbAQLP

exports[`<FormViewer /> Snapshot renders correctly 1`] = `
<div
  animation="border"
  className="spinner-border"
  role="status"
>
  <span
    className="visually-hidden"
  >
    Ladataan...
  </span>
</div>
`;
