// Jest Snapshot v1, https://goo.gl/fbAQLP

exports[`<ItemGrid /> Snapshot renders correctly 1`] = `
<div
  className="row event-grid"
/>
`;
