// Jest Snapshot v1, https://goo.gl/fbAQLP

exports[`<Notification /> Snapshot renders correctly 1`] = `null`;
