// Jest Snapshot v1, https://goo.gl/fbAQLP

exports[`<DisplayFields /> Snapshot renders correctly 1`] = `
<div
  className="display-fields"
>
  <div
    className="directory-wrapper container"
  >
    <div
      className="display-header row"
    >
      <h1>
        application.app
      </h1>
    </div>
    <div
      className="display-description row"
    >
      <h2>
        application.description
      </h2>
    </div>
    <div
      className="display row"
    >
      <div
        className="row"
      >
        <h3>
          application.values.name
        </h3>
        <p>
          Application Name
        </p>
      </div>
    </div>
    <div
      className="display row"
    >
      <div
        className="row"
      >
        <h3>
          application.values.description
        </h3>
        <p>
          Application Description
        </p>
      </div>
    </div>
    <div
      className="display row"
    >
      <div
        className="row"
      >
        <h3>
          application.values.classification
        </h3>
        <p>
          Application Classification
        </p>
      </div>
    </div>
    <div
      className="display row"
    >
      <h3>
        application.values.customership
        :
      </h3>
      <h4>
        no-connections
      </h4>
    </div>
    <div
      className="display row"
    >
      <div
        className="row"
      >
        <h3>
          application.values.application_status
        </h3>
        <p>
          select.Active
        </p>
      </div>
    </div>
    <div
      className="display row"
    >
      <div
        className="row"
      >
        <h3>
          application.values.person_register
          :
        </h3>
        <p>
          yes
        </p>
      </div>
    </div>
    <div
      className="display row"
    >
      <div
        className="row"
      >
        <h3>
          application.values.personal_info_logging
          :
        </h3>
        <p>
          no
        </p>
      </div>
    </div>
    <div
      className="display row"
    >
      <div
        className="row"
      >
        <h3>
          application.values.install_info
        </h3>
        <p>
          Installation Info
        </p>
      </div>
    </div>
    <div
      className="display row"
    >
      <div
        className="row"
      >
        <h3>
          application.values.keywords
        </h3>
        <p>
          Keyword 1, Keyword 2
        </p>
      </div>
    </div>
    <div
      className="display-description row"
    >
      <h2>
        application.dependency
      </h2>
    </div>
    <div
      className="display row"
    >
      <h3>
        application.values.installed_server
        :
      </h3>
      <h4>
        no-connections
      </h4>
    </div>
    <div
      className="display row"
    >
      <h3>
        application.values.service_dependency
        :
      </h3>
      <h4>
        no-connections
      </h4>
    </div>
    <div
      className="display row"
    >
      <h3>
        application.values.integration
        :
      </h3>
      <h4>
        no-connections
      </h4>
    </div>
    <div
      className="display row"
    >
      <h3>
        application.values.license
        :
      </h3>
      <div>
        <h4>
          no-connections
        </h4>
      </div>
    </div>
    <div
      className="display row"
    >
      <h3>
        application.values.contract
        :
      </h3>
      <div>
        <h4>
          no-connections
        </h4>
      </div>
    </div>
    <div
      className="display row"
    >
      <h3>
        application.values.application_dependency
        :
      </h3>
      <h4>
        no-connections
      </h4>
    </div>
    <div
      className="display-description row"
    >
      <h2>
        application.continuity
      </h2>
    </div>
    <div
      className="display row"
    >
      <div
        className="row"
      >
        <h3>
          application.values.update_practice
        </h3>
        <p>
          Update Practice
        </p>
      </div>
    </div>
    <div
      className="display row"
    >
      <div
        className="row"
      >
        <h3>
          application.values.security_practice_monitoring
        </h3>
        <p>
          Security Practice Monitoring
        </p>
      </div>
    </div>
    <div
      className="display row"
    >
      <div
        className="row"
      >
        <h3>
          application.values.recovery_practices_convalescence
        </h3>
        <p>
          Recovery Practices Convalescence
        </p>
      </div>
    </div>
    <div
      className="display row"
    >
      <div
        className="row"
      >
        <h3>
          application.values.user_rights_management
        </h3>
        <p>
          User Rights Management
        </p>
      </div>
    </div>
    <div
      className="display row"
    >
      <div
        className="row"
      >
        <h3>
          application.values.security_solutions
        </h3>
        <p>
          Security Solutions
        </p>
      </div>
    </div>
    <div
      className="display-description row"
    >
      <h2>
        application.responsibility
      </h2>
    </div>
    <div
      className="display row"
    >
      <div
        className="row"
      >
        <h3>
          application.values.product_owner
        </h3>
        <p>
          Product Owner
        </p>
      </div>
    </div>
    <div
      className="display row"
    >
      <div
        className="row"
      >
        <h3>
          application.values.application_holder
        </h3>
        <p>
          Application Holder
        </p>
      </div>
    </div>
    <div
      className="display row"
    >
      <div
        className="row"
      >
        <h3>
          application.values.admin_users
        </h3>
        <p>
          Admin Users
        </p>
      </div>
    </div>
    <div
      className="display row"
    >
      <div
        className="row"
      >
        <h3>
          application.values.liability_professional_users
        </h3>
        <p>
          Liability Professional Users
        </p>
      </div>
    </div>
    <div
      className="display row"
    >
      <div
        className="row"
      >
        <h3>
          application.values.holder_extra_info
        </h3>
        <p>
          Holder Extra Info
        </p>
      </div>
    </div>
    <div
      className="row"
    >
      <h3>
        Käyttöoikeusvastaavat:
      </h3>
      <p />
    </div>
    <div
      className="display row"
    >
      <h3>
        application.values.provider
        :
      </h3>
      <div>
        <h4>
          no-connections
        </h4>
      </div>
    </div>
    <div
      className="display row"
    >
      <div
        className="row"
      >
        <h3>
          application.values.provider_responsibility
        </h3>
        <p>
          Provider Responsibility
        </p>
      </div>
    </div>
    <div
      className="display row"
    >
      <div
        className="row"
      >
        <h3>
          application.values.additional_contacts
        </h3>
        <p>
          Additional Contacts
        </p>
      </div>
    </div>
    <div
      className="display-description row"
    >
      <h2>
        application.extra
      </h2>
    </div>
    <div
      className="display row"
    >
      <div
        className="row"
      >
        <h3>
          application.values.known_issues
        </h3>
        <p>
          Known Issues
        </p>
      </div>
    </div>
    <div
      className="action-buttons"
    >
      <button
        className="action-button btn btn-secondary"
        disabled={false}
        onClick={[Function]}
        type="button"
      >
        button.copy
      </button>
      <button
        className="action-button btn btn-secondary"
        disabled={false}
        onClick={[Function]}
        type="button"
      >
        button.delete
      </button>
      <button
        className="action-button btn btn-secondary"
        disabled={false}
        onClick={[Function]}
        type="button"
      >
        button.edit
      </button>
    </div>
  </div>
</div>
`;
