// Jest Snapshot v1, https://goo.gl/fbAQLP

exports[`<FormFields /> Snapshot renders correctly 1`] = `
<div
  className="container"
>
  <div
    className="row"
  >
    <div
      className="selection-wrapper"
    >
      <div
        className="selection-header"
      >
        <h1>
          select-archive
        </h1>
      </div>
      <div
        className="selection-radios"
      >
        <div>
          <div
            className="form-check"
          >
            <label
              className="form-check-label"
              htmlFor="application-0"
            >
              radios.application
            </label>
            <input
              aria-disabled={false}
              checked={true}
              className="form-check-input"
              disabled={false}
              id="application-0"
              name="application"
              onChange={[Function]}
              type="radio"
            />
          </div>
        </div>
        <div>
          <div
            className="form-check"
          >
            <label
              className="form-check-label"
              htmlFor="directory-1"
            >
              radios.directory
            </label>
            <input
              aria-disabled={false}
              checked={false}
              className="form-check-input"
              disabled={false}
              id="directory-1"
              name="directory"
              onChange={[Function]}
              type="radio"
            />
          </div>
        </div>
        <div>
          <div
            className="form-check"
          >
            <label
              className="form-check-label"
              htmlFor="license-2"
            >
              radios.license
            </label>
            <input
              aria-disabled={false}
              checked={false}
              className="form-check-input"
              disabled={false}
              id="license-2"
              name="license"
              onChange={[Function]}
              type="radio"
            />
          </div>
        </div>
        <div>
          <div
            className="form-check"
          >
            <label
              className="form-check-label"
              htmlFor="server-3"
            >
              radios.server
            </label>
            <input
              aria-disabled={false}
              checked={false}
              className="form-check-input"
              disabled={false}
              id="server-3"
              name="server"
              onChange={[Function]}
              type="radio"
            />
          </div>
        </div>
        <div>
          <div
            className="form-check"
          >
            <label
              className="form-check-label"
              htmlFor="service-4"
            >
              radios.service
            </label>
            <input
              aria-disabled={false}
              checked={false}
              className="form-check-input"
              disabled={false}
              id="service-4"
              name="service"
              onChange={[Function]}
              type="radio"
            />
          </div>
        </div>
        <div>
          <div
            className="form-check"
          >
            <label
              className="form-check-label"
              htmlFor="integration-5"
            >
              radios.integration
            </label>
            <input
              aria-disabled={false}
              checked={false}
              className="form-check-input"
              disabled={false}
              id="integration-5"
              name="integration"
              onChange={[Function]}
              type="radio"
            />
          </div>
        </div>
        <div>
          <div
            className="form-check"
          >
            <label
              className="form-check-label"
              htmlFor="provider-6"
            >
              radios.provider
            </label>
            <input
              aria-disabled={false}
              checked={false}
              className="form-check-input"
              disabled={false}
              id="provider-6"
              name="provider"
              onChange={[Function]}
              type="radio"
            />
          </div>
        </div>
      </div>
    </div>
  </div>
  <div
    className="row"
  />
</div>
`;
