// Jest Snapshot v1, https://goo.gl/fbAQLP

exports[`<ArchiveViewer /> Snapshot renders correctly 1`] = `
<div
  className="formviewer"
>
  <div
    animation="border"
    className="spinner-border"
    role="status"
  >
    <span
      className="visually-hidden"
    >
      Ladataan...
    </span>
  </div>
</div>
`;
