// Jest Snapshot v1, https://goo.gl/fbAQLP

exports[`<DirectoryFields /> Snapshot renders correctly 1`] = `
[
  <div
    className="row"
  >
    <h1>
      directory.create
    </h1>
  </div>,
  <div
    className="row"
  >
    <h2>
      directory.visibility
    </h2>
  </div>,
  <div
    className="row"
  >
    <div
      className="textfield col"
    >
      <div
        className="mb-3"
      >
        <label
          className="form-label"
          htmlFor="visibility"
        >
          values.visibility
        </label>
        <select
          aria-invalid={false}
          className="form-select"
          disabled={false}
          id="visibility"
          name="visibility"
          onChange={[Function]}
          placeholder="placeholder.visibility"
          value="published"
        >
          <option
            value="draft"
          >
            visibility.draft
          </option>
          <option
            value="hidden"
          >
            visibility.hidden
          </option>
          <option
            value="published"
          >
            visibility.published
          </option>
        </select>
      </div>
    </div>
  </div>,
  <div
    className="row"
  >
    <h2>
      directory.description
    </h2>
  </div>,
  <div
    className="row"
  >
    <div
      className="textfield col"
    >
      <div
        className="mb-3"
      >
        <label
          className="form-label"
          htmlFor="name"
        >
          directory.values.name
        </label>
        <input
          aria-invalid={false}
          className="form-control"
          disabled={false}
          id="name"
          name="name"
          onChange={[Function]}
          placeholder="placeholder.name"
          type="text"
          value=""
        />
      </div>
    </div>
  </div>,
  <div
    className="row"
  >
    <div
      className="textfield col"
    >
      <div
        className="mb-3"
      >
        <label
          className="form-label"
          htmlFor="description"
        >
          directory.values.description
        </label>
        <textarea
          aria-invalid={false}
          className="form-control"
          disabled={false}
          id="description"
          name="description"
          onChange={[Function]}
          placeholder="placeholder.description"
          value=""
        />
      </div>
    </div>
  </div>,
  <div
    className="row"
  >
    <h2>
      directory.dependency
    </h2>
  </div>,
  <div
    className="row"
  >
    <div>
      <div
        className="mb-3"
      >
        <label
          className="form-label"
          htmlFor="applications"
        >
          directory.values.applications
        </label>
        <div
          className=" css-b62m3t-container"
          onKeyDown={[Function]}
        >
          <span
            className="css-1f43avz-a11yText-A11yText"
            id="react-select-2-live-region"
          />
          <span
            aria-atomic="false"
            aria-live="polite"
            aria-relevant="additions text"
            className="css-1f43avz-a11yText-A11yText"
          />
          <div
            className="option-search__control css-13cymwt-control"
            onMouseDown={[Function]}
            onTouchEnd={[Function]}
          >
            <div
              className="option-search__value-container option-search__value-container--is-multi css-1fdsijx-ValueContainer"
            >
              <div
                className="option-search__placeholder css-1jqq78o-placeholder"
                id="react-select-2-placeholder"
              >
                placeholder.applications
              </div>
              <div
                className="option-search__input-container css-qbdosj-Input"
                data-value=""
              >
                <input
                  aria-autocomplete="list"
                  aria-describedby="react-select-2-placeholder"
                  aria-expanded={false}
                  aria-haspopup={true}
                  aria-invalid={false}
                  aria-label="placeholder.applications"
                  aria-labelledby="applications"
                  autoCapitalize="none"
                  autoComplete="off"
                  autoCorrect="off"
                  className="option-search__input"
                  disabled={false}
                  id="applications"
                  onBlur={[Function]}
                  onChange={[Function]}
                  onFocus={[Function]}
                  role="combobox"
                  spellCheck="false"
                  style={
                    {
                      "background": 0,
                      "border": 0,
                      "color": "inherit",
                      "font": "inherit",
                      "gridArea": "1 / 2",
                      "label": "input",
                      "margin": 0,
                      "minWidth": "2px",
                      "opacity": 1,
                      "outline": 0,
                      "padding": 0,
                      "width": "100%",
                    }
                  }
                  tabIndex={0}
                  type="text"
                  value=""
                />
              </div>
            </div>
            <div
              className="option-search__indicators css-1hb7zxy-IndicatorsContainer"
            >
              <span
                className="option-search__indicator-separator css-1u9des2-indicatorSeparator"
              />
              <div
                aria-hidden="true"
                className="option-search__indicator option-search__dropdown-indicator css-1xc3v61-indicatorContainer"
                onMouseDown={[Function]}
                onTouchEnd={[Function]}
              >
                <svg
                  aria-hidden="true"
                  className="css-tj5bde-Svg"
                  focusable="false"
                  height={20}
                  viewBox="0 0 20 20"
                  width={20}
                >
                  <path
                    d="M4.516 7.548c0.436-0.446 1.043-0.481 1.576 0l3.908 3.747 3.908-3.747c0.533-0.481 1.141-0.446 1.574 0 0.436 0.445 0.408 1.197 0 1.615-0.406 0.418-4.695 4.502-4.695 4.502-0.217 0.223-0.502 0.335-0.787 0.335s-0.57-0.112-0.789-0.335c0 0-4.287-4.084-4.695-4.502s-0.436-1.17 0-1.615z"
                  />
                </svg>
              </div>
            </div>
          </div>
          <div>
            <input
              name="applications"
              type="hidden"
              value=""
            />
          </div>
        </div>
      </div>
    </div>
  </div>,
  <div
    className="row"
  >
    <div>
      <div
        className="mb-3"
      >
        <label
          className="form-label"
          htmlFor="servers"
        >
          directory.values.servers
        </label>
        <div
          className=" css-b62m3t-container"
          onKeyDown={[Function]}
        >
          <span
            className="css-1f43avz-a11yText-A11yText"
            id="react-select-3-live-region"
          />
          <span
            aria-atomic="false"
            aria-live="polite"
            aria-relevant="additions text"
            className="css-1f43avz-a11yText-A11yText"
          />
          <div
            className="option-search__control css-13cymwt-control"
            onMouseDown={[Function]}
            onTouchEnd={[Function]}
          >
            <div
              className="option-search__value-container option-search__value-container--is-multi css-1fdsijx-ValueContainer"
            >
              <div
                className="option-search__placeholder css-1jqq78o-placeholder"
                id="react-select-3-placeholder"
              >
                placeholder.servers
              </div>
              <div
                className="option-search__input-container css-qbdosj-Input"
                data-value=""
              >
                <input
                  aria-autocomplete="list"
                  aria-describedby="react-select-3-placeholder"
                  aria-expanded={false}
                  aria-haspopup={true}
                  aria-invalid={false}
                  aria-label="placeholder.servers"
                  aria-labelledby="servers"
                  autoCapitalize="none"
                  autoComplete="off"
                  autoCorrect="off"
                  className="option-search__input"
                  disabled={false}
                  id="servers"
                  onBlur={[Function]}
                  onChange={[Function]}
                  onFocus={[Function]}
                  role="combobox"
                  spellCheck="false"
                  style={
                    {
                      "background": 0,
                      "border": 0,
                      "color": "inherit",
                      "font": "inherit",
                      "gridArea": "1 / 2",
                      "label": "input",
                      "margin": 0,
                      "minWidth": "2px",
                      "opacity": 1,
                      "outline": 0,
                      "padding": 0,
                      "width": "100%",
                    }
                  }
                  tabIndex={0}
                  type="text"
                  value=""
                />
              </div>
            </div>
            <div
              className="option-search__indicators css-1hb7zxy-IndicatorsContainer"
            >
              <span
                className="option-search__indicator-separator css-1u9des2-indicatorSeparator"
              />
              <div
                aria-hidden="true"
                className="option-search__indicator option-search__dropdown-indicator css-1xc3v61-indicatorContainer"
                onMouseDown={[Function]}
                onTouchEnd={[Function]}
              >
                <svg
                  aria-hidden="true"
                  className="css-tj5bde-Svg"
                  focusable="false"
                  height={20}
                  viewBox="0 0 20 20"
                  width={20}
                >
                  <path
                    d="M4.516 7.548c0.436-0.446 1.043-0.481 1.576 0l3.908 3.747 3.908-3.747c0.533-0.481 1.141-0.446 1.574 0 0.436 0.445 0.408 1.197 0 1.615-0.406 0.418-4.695 4.502-4.695 4.502-0.217 0.223-0.502 0.335-0.787 0.335s-0.57-0.112-0.789-0.335c0 0-4.287-4.084-4.695-4.502s-0.436-1.17 0-1.615z"
                  />
                </svg>
              </div>
            </div>
          </div>
          <div>
            <input
              name="servers"
              type="hidden"
              value=""
            />
          </div>
        </div>
      </div>
    </div>
  </div>,
  <div
    className="row"
  >
    <div>
      <div
        className="mb-3"
      >
        <label
          className="form-label"
          htmlFor="services"
        >
          directory.values.services
        </label>
        <div
          className=" css-b62m3t-container"
          onKeyDown={[Function]}
        >
          <span
            className="css-1f43avz-a11yText-A11yText"
            id="react-select-4-live-region"
          />
          <span
            aria-atomic="false"
            aria-live="polite"
            aria-relevant="additions text"
            className="css-1f43avz-a11yText-A11yText"
          />
          <div
            className="option-search__control css-13cymwt-control"
            onMouseDown={[Function]}
            onTouchEnd={[Function]}
          >
            <div
              className="option-search__value-container option-search__value-container--is-multi css-1fdsijx-ValueContainer"
            >
              <div
                className="option-search__placeholder css-1jqq78o-placeholder"
                id="react-select-4-placeholder"
              >
                placeholder.services
              </div>
              <div
                className="option-search__input-container css-qbdosj-Input"
                data-value=""
              >
                <input
                  aria-autocomplete="list"
                  aria-describedby="react-select-4-placeholder"
                  aria-expanded={false}
                  aria-haspopup={true}
                  aria-invalid={false}
                  aria-label="placeholder.services"
                  aria-labelledby="services"
                  autoCapitalize="none"
                  autoComplete="off"
                  autoCorrect="off"
                  className="option-search__input"
                  disabled={false}
                  id="services"
                  onBlur={[Function]}
                  onChange={[Function]}
                  onFocus={[Function]}
                  role="combobox"
                  spellCheck="false"
                  style={
                    {
                      "background": 0,
                      "border": 0,
                      "color": "inherit",
                      "font": "inherit",
                      "gridArea": "1 / 2",
                      "label": "input",
                      "margin": 0,
                      "minWidth": "2px",
                      "opacity": 1,
                      "outline": 0,
                      "padding": 0,
                      "width": "100%",
                    }
                  }
                  tabIndex={0}
                  type="text"
                  value=""
                />
              </div>
            </div>
            <div
              className="option-search__indicators css-1hb7zxy-IndicatorsContainer"
            >
              <span
                className="option-search__indicator-separator css-1u9des2-indicatorSeparator"
              />
              <div
                aria-hidden="true"
                className="option-search__indicator option-search__dropdown-indicator css-1xc3v61-indicatorContainer"
                onMouseDown={[Function]}
                onTouchEnd={[Function]}
              >
                <svg
                  aria-hidden="true"
                  className="css-tj5bde-Svg"
                  focusable="false"
                  height={20}
                  viewBox="0 0 20 20"
                  width={20}
                >
                  <path
                    d="M4.516 7.548c0.436-0.446 1.043-0.481 1.576 0l3.908 3.747 3.908-3.747c0.533-0.481 1.141-0.446 1.574 0 0.436 0.445 0.408 1.197 0 1.615-0.406 0.418-4.695 4.502-4.695 4.502-0.217 0.223-0.502 0.335-0.787 0.335s-0.57-0.112-0.789-0.335c0 0-4.287-4.084-4.695-4.502s-0.436-1.17 0-1.615z"
                  />
                </svg>
              </div>
            </div>
          </div>
          <div>
            <input
              name="services"
              type="hidden"
              value=""
            />
          </div>
        </div>
      </div>
    </div>
  </div>,
  <div
    className="action-buttons"
  >
    <button
      className="action-button btn btn-secondary"
      disabled={false}
      onClick={[Function]}
      type="button"
    >
      button.cancel
    </button>
    <button
      className="action-button btn btn-secondary"
      disabled={false}
      onClick={[Function]}
      type="button"
    >
      button.create
    </button>
  </div>,
]
`;
