// Jest Snapshot v1, https://goo.gl/fbAQLP

exports[`<LicenseForm /> Snapshot renders correctly 1`] = `
[
  <div
    className="row"
  >
    <h1>
      Luo uusi lisenssi
    </h1>
  </div>,
  <div
    className="row"
  >
    <h2>
      Lisenssin kuvaus
    </h2>
  </div>,
]
`;
