// Jest Snapshot v1, https://goo.gl/fbAQLP

exports[`<ServiceForm /> Snapshot renders correctly 1`] = `
[
  <div
    className="row"
  >
    <h1>
      service.create
    </h1>
  </div>,
  <div
    className="row"
  >
    <h2>
      service.visibility
    </h2>
  </div>,
  <div
    className="row"
  >
    <div
      className="textfield col"
    >
      <div
        className="mb-3"
      >
        <label
          className="form-label"
          htmlFor="visibility"
        >
          values.visibility
        </label>
        <select
          aria-invalid={false}
          className="form-select"
          disabled={false}
          id="visibility"
          name="visibility"
          onChange={[Function]}
          placeholder="placeholder.visibility"
          value="published"
        >
          <option
            value="draft"
          >
            visibility.draft
          </option>
          <option
            value="hidden"
          >
            visibility.hidden
          </option>
          <option
            value="published"
          >
            visibility.published
          </option>
        </select>
      </div>
    </div>
  </div>,
  <div
    className="row"
  >
    <h2>
      service.description
    </h2>
  </div>,
  <div
    className="row"
  >
    <div
      className="textfield col"
    >
      <div
        className="mb-3"
      >
        <label
          className="form-label"
          htmlFor="name"
        >
          values.name
        </label>
        <input
          aria-invalid={false}
          className="form-control"
          disabled={false}
          id="name"
          name="name"
          onChange={[Function]}
          placeholder="placeholder.name"
          type="text"
          value=""
        />
      </div>
    </div>
  </div>,
  <div
    className="row"
  >
    <div
      className="textfield col"
    >
      <div
        className="mb-3"
      >
        <label
          className="form-label"
          htmlFor="service_status"
        >
          values.service_status
        </label>
        <select
          aria-invalid={false}
          className="form-select"
          disabled={false}
          id="service_status"
          name="service_status"
          onChange={[Function]}
          placeholder="placeholder.service_status"
          value="undefined"
        >
          <option
            value="in_deployment"
          >
            select.in_deployment
          </option>
          <option
            value="in_use"
          >
            select.in_use
          </option>
          <option
            value="unused"
          >
            select.unused
          </option>
          <option
            value="shutdown"
          >
            select.shutdown
          </option>
          <option
            value="archived"
          >
            select.archived
          </option>
          <option
            value="undefined"
          >
            select.undefined
          </option>
          <option
            value="unreleased"
          >
            select.unreleased
          </option>
          <option
            value="deleted"
          >
            select.deleted
          </option>
        </select>
      </div>
    </div>
  </div>,
  <div
    className="row"
  >
    <div
      className="textfield col"
    >
      <div
        className="mb-3"
      >
        <label
          className="form-label"
          htmlFor="description"
        >
          values.description
        </label>
        <textarea
          aria-invalid={false}
          className="form-control"
          disabled={false}
          id="description"
          name="description"
          onChange={[Function]}
          placeholder="placeholder.description"
          value=""
        />
      </div>
    </div>
  </div>,
  <div
    className="row"
  >
    <div>
      <div
        className="mb-3"
      >
        <label
          className="form-label"
          htmlFor="contract"
        >
          values.contract
        </label>
        <div
          className=" css-b62m3t-container"
          onKeyDown={[Function]}
        >
          <span
            className="css-1f43avz-a11yText-A11yText"
            id="react-select-2-live-region"
          />
          <span
            aria-atomic="false"
            aria-live="polite"
            aria-relevant="additions text"
            className="css-1f43avz-a11yText-A11yText"
          />
          <div
            className="option-search__control css-13cymwt-control"
            onMouseDown={[Function]}
            onTouchEnd={[Function]}
          >
            <div
              className="option-search__value-container css-1fdsijx-ValueContainer"
            >
              <div
                className="option-search__placeholder css-1jqq78o-placeholder"
                id="react-select-2-placeholder"
              >
                placeholder.contract
              </div>
              <div
                className="option-search__input-container css-qbdosj-Input"
                data-value=""
              >
                <input
                  aria-autocomplete="list"
                  aria-describedby="react-select-2-placeholder"
                  aria-expanded={false}
                  aria-haspopup={true}
                  aria-invalid={false}
                  aria-label="placeholder.contract"
                  aria-labelledby="contract"
                  autoCapitalize="none"
                  autoComplete="off"
                  autoCorrect="off"
                  className="option-search__input"
                  disabled={false}
                  id="contract"
                  onBlur={[Function]}
                  onChange={[Function]}
                  onFocus={[Function]}
                  role="combobox"
                  spellCheck="false"
                  style={
                    {
                      "background": 0,
                      "border": 0,
                      "color": "inherit",
                      "font": "inherit",
                      "gridArea": "1 / 2",
                      "label": "input",
                      "margin": 0,
                      "minWidth": "2px",
                      "opacity": 1,
                      "outline": 0,
                      "padding": 0,
                      "width": "100%",
                    }
                  }
                  tabIndex={0}
                  type="text"
                  value=""
                />
              </div>
            </div>
            <div
              className="option-search__indicators css-1hb7zxy-IndicatorsContainer"
            >
              <span
                className="option-search__indicator-separator css-1u9des2-indicatorSeparator"
              />
              <div
                aria-hidden="true"
                className="option-search__indicator option-search__dropdown-indicator css-1xc3v61-indicatorContainer"
                onMouseDown={[Function]}
                onTouchEnd={[Function]}
              >
                <svg
                  aria-hidden="true"
                  className="css-tj5bde-Svg"
                  focusable="false"
                  height={20}
                  viewBox="0 0 20 20"
                  width={20}
                >
                  <path
                    d="M4.516 7.548c0.436-0.446 1.043-0.481 1.576 0l3.908 3.747 3.908-3.747c0.533-0.481 1.141-0.446 1.574 0 0.436 0.445 0.408 1.197 0 1.615-0.406 0.418-4.695 4.502-4.695 4.502-0.217 0.223-0.502 0.335-0.787 0.335s-0.57-0.112-0.789-0.335c0 0-4.287-4.084-4.695-4.502s-0.436-1.17 0-1.615z"
                  />
                </svg>
              </div>
            </div>
          </div>
          <input
            name="contract"
            type="hidden"
            value=""
          />
        </div>
      </div>
    </div>
  </div>,
  <div
    className="row"
  >
    <div
      className="textfield col"
    >
      <div
        className="mb-3"
      >
        <label
          className="form-label"
          htmlFor="criticality"
        >
          values.criticality
        </label>
        <select
          aria-invalid={false}
          className="form-select"
          disabled={false}
          id="criticality"
          name="criticality"
          onChange={[Function]}
          placeholder="placeholder.criticality"
          value="normal"
        >
          <option
            value="critical"
          >
            select.critical
          </option>
          <option
            value="high"
          >
            select.high
          </option>
          <option
            value="normal"
          >
            select.normal
          </option>
          <option
            value="low"
          >
            select.low
          </option>
          <option
            value="noclass"
          >
            select.noclass
          </option>
        </select>
      </div>
    </div>
  </div>,
  <div
    className="row"
  >
    <div
      className="textfield col"
    >
      <div
        className="mb-3"
      >
        <label
          className="form-label"
          htmlFor="service_level"
        >
          values.service_level
        </label>
        <input
          aria-invalid={false}
          className="form-control"
          disabled={false}
          id="service_level"
          name="service_level"
          onChange={[Function]}
          placeholder="placeholder.service_level"
          type="text"
          value=""
        />
      </div>
    </div>
  </div>,
  <div
    className="row"
  >
    <div
      className="textfield col"
    >
      <div
        className="mb-3"
      >
        <label
          className="form-label"
          htmlFor="service_type"
        >
          values.service_type
        </label>
        <select
          aria-invalid={false}
          className="form-select"
          disabled={false}
          id="service_type"
          name="service_type"
          onChange={[Function]}
          placeholder="placeholder.service_type"
          value="other"
        >
          <option
            value="onpremises"
          >
            select.onpremises
          </option>
          <option
            value="iaas"
          >
            select.iaas
          </option>
          <option
            value="paas"
          >
            select.paas
          </option>
          <option
            value="caas"
          >
            select.caas
          </option>
          <option
            value="faas"
          >
            select.faas
          </option>
          <option
            value="saas"
          >
            select.saas
          </option>
          <option
            value="other"
          >
            select.other
          </option>
        </select>
      </div>
    </div>
  </div>,
  <div
    className="row"
  >
    <div
      className="textfield col"
    >
      <div
        className="mb-3"
      >
        <label
          className="form-label"
          htmlFor="limitations"
        >
          values.limitations
        </label>
        <textarea
          aria-invalid={false}
          className="form-control"
          disabled={false}
          id="limitations"
          name="limitations"
          onChange={[Function]}
          placeholder="placeholder.limitations"
          value=""
        />
      </div>
    </div>
  </div>,
  <div
    className="row"
  >
    <div>
      <div
        className="mb-3"
      >
        <label
          className="form-label"
          htmlFor="related_services"
        >
          values.related_services
        </label>
        <div
          className=" css-b62m3t-container"
          onKeyDown={[Function]}
        >
          <span
            className="css-1f43avz-a11yText-A11yText"
            id="react-select-3-live-region"
          />
          <span
            aria-atomic="false"
            aria-live="polite"
            aria-relevant="additions text"
            className="css-1f43avz-a11yText-A11yText"
          />
          <div
            className="option-search__control css-13cymwt-control"
            onMouseDown={[Function]}
            onTouchEnd={[Function]}
          >
            <div
              className="option-search__value-container option-search__value-container--is-multi css-1fdsijx-ValueContainer"
            >
              <div
                className="option-search__placeholder css-1jqq78o-placeholder"
                id="react-select-3-placeholder"
              >
                placeholder.related_services
              </div>
              <div
                className="option-search__input-container css-qbdosj-Input"
                data-value=""
              >
                <input
                  aria-autocomplete="list"
                  aria-describedby="react-select-3-placeholder"
                  aria-expanded={false}
                  aria-haspopup={true}
                  aria-invalid={false}
                  aria-label="placeholder.related_services"
                  aria-labelledby="related_services"
                  autoCapitalize="none"
                  autoComplete="off"
                  autoCorrect="off"
                  className="option-search__input"
                  disabled={false}
                  id="related_services"
                  onBlur={[Function]}
                  onChange={[Function]}
                  onFocus={[Function]}
                  role="combobox"
                  spellCheck="false"
                  style={
                    {
                      "background": 0,
                      "border": 0,
                      "color": "inherit",
                      "font": "inherit",
                      "gridArea": "1 / 2",
                      "label": "input",
                      "margin": 0,
                      "minWidth": "2px",
                      "opacity": 1,
                      "outline": 0,
                      "padding": 0,
                      "width": "100%",
                    }
                  }
                  tabIndex={0}
                  type="text"
                  value=""
                />
              </div>
            </div>
            <div
              className="option-search__indicators css-1hb7zxy-IndicatorsContainer"
            >
              <span
                className="option-search__indicator-separator css-1u9des2-indicatorSeparator"
              />
              <div
                aria-hidden="true"
                className="option-search__indicator option-search__dropdown-indicator css-1xc3v61-indicatorContainer"
                onMouseDown={[Function]}
                onTouchEnd={[Function]}
              >
                <svg
                  aria-hidden="true"
                  className="css-tj5bde-Svg"
                  focusable="false"
                  height={20}
                  viewBox="0 0 20 20"
                  width={20}
                >
                  <path
                    d="M4.516 7.548c0.436-0.446 1.043-0.481 1.576 0l3.908 3.747 3.908-3.747c0.533-0.481 1.141-0.446 1.574 0 0.436 0.445 0.408 1.197 0 1.615-0.406 0.418-4.695 4.502-4.695 4.502-0.217 0.223-0.502 0.335-0.787 0.335s-0.57-0.112-0.789-0.335c0 0-4.287-4.084-4.695-4.502s-0.436-1.17 0-1.615z"
                  />
                </svg>
              </div>
            </div>
          </div>
          <div>
            <input
              name="related_services"
              type="hidden"
              value=""
            />
          </div>
        </div>
      </div>
    </div>
  </div>,
  <div
    className="row"
  >
    <div>
      <div
        className="mb-3"
      >
        <label
          className="form-label"
          htmlFor="required_installations"
        >
          values.required_installations
        </label>
        <div
          className=" css-b62m3t-container"
          onKeyDown={[Function]}
        >
          <span
            className="css-1f43avz-a11yText-A11yText"
            id="react-select-4-live-region"
          />
          <span
            aria-atomic="false"
            aria-live="polite"
            aria-relevant="additions text"
            className="css-1f43avz-a11yText-A11yText"
          />
          <div
            className="option-search__control css-13cymwt-control"
            onMouseDown={[Function]}
            onTouchEnd={[Function]}
          >
            <div
              className="option-search__value-container option-search__value-container--is-multi css-1fdsijx-ValueContainer"
            >
              <div
                className="option-search__placeholder css-1jqq78o-placeholder"
                id="react-select-4-placeholder"
              >
                placeholder.required_installations
              </div>
              <div
                className="option-search__input-container css-qbdosj-Input"
                data-value=""
              >
                <input
                  aria-autocomplete="list"
                  aria-describedby="react-select-4-placeholder"
                  aria-expanded={false}
                  aria-haspopup={true}
                  aria-invalid={false}
                  aria-label="placeholder.required_installations"
                  aria-labelledby="required_installations"
                  autoCapitalize="none"
                  autoComplete="off"
                  autoCorrect="off"
                  className="option-search__input"
                  disabled={false}
                  id="required_installations"
                  onBlur={[Function]}
                  onChange={[Function]}
                  onFocus={[Function]}
                  role="combobox"
                  spellCheck="false"
                  style={
                    {
                      "background": 0,
                      "border": 0,
                      "color": "inherit",
                      "font": "inherit",
                      "gridArea": "1 / 2",
                      "label": "input",
                      "margin": 0,
                      "minWidth": "2px",
                      "opacity": 1,
                      "outline": 0,
                      "padding": 0,
                      "width": "100%",
                    }
                  }
                  tabIndex={0}
                  type="text"
                  value=""
                />
              </div>
            </div>
            <div
              className="option-search__indicators css-1hb7zxy-IndicatorsContainer"
            >
              <span
                className="option-search__indicator-separator css-1u9des2-indicatorSeparator"
              />
              <div
                aria-hidden="true"
                className="option-search__indicator option-search__dropdown-indicator css-1xc3v61-indicatorContainer"
                onMouseDown={[Function]}
                onTouchEnd={[Function]}
              >
                <svg
                  aria-hidden="true"
                  className="css-tj5bde-Svg"
                  focusable="false"
                  height={20}
                  viewBox="0 0 20 20"
                  width={20}
                >
                  <path
                    d="M4.516 7.548c0.436-0.446 1.043-0.481 1.576 0l3.908 3.747 3.908-3.747c0.533-0.481 1.141-0.446 1.574 0 0.436 0.445 0.408 1.197 0 1.615-0.406 0.418-4.695 4.502-4.695 4.502-0.217 0.223-0.502 0.335-0.787 0.335s-0.57-0.112-0.789-0.335c0 0-4.287-4.084-4.695-4.502s-0.436-1.17 0-1.615z"
                  />
                </svg>
              </div>
            </div>
          </div>
          <div>
            <input
              name="required_installations"
              type="hidden"
              value=""
            />
          </div>
        </div>
      </div>
    </div>
  </div>,
  <div
    className="row"
  >
    <h2>
      service.responsibility
    </h2>
  </div>,
  <div
    className="row"
  >
    <div
      className="textfield col"
    >
      <div
        className="mb-3"
      >
        <label
          className="form-label"
          htmlFor="product_owner"
        >
          values.product_owner
        </label>
        <input
          aria-invalid={false}
          className="form-control"
          disabled={false}
          id="product_owner"
          name="product_owner"
          onChange={[Function]}
          placeholder="placeholder.product_owner"
          type="text"
          value=""
        />
      </div>
    </div>
  </div>,
  <div
    className="row"
  >
    <div
      className="textfield col"
    >
      <div
        className="mb-3"
      >
        <label
          className="form-label"
          htmlFor="service_holder"
        >
          values.service_holder
        </label>
        <input
          aria-invalid={false}
          className="form-control"
          disabled={false}
          id="service_holder"
          name="service_holder"
          onChange={[Function]}
          placeholder="placeholder.service_holder"
          type="text"
          value=""
        />
      </div>
    </div>
  </div>,
  <div
    className="row"
  >
    <div>
      <div
        className="mb-3"
      >
        <label
          className="form-label"
          htmlFor="provider"
        >
          values.provider
        </label>
        <div
          className=" css-b62m3t-container"
          onKeyDown={[Function]}
        >
          <span
            className="css-1f43avz-a11yText-A11yText"
            id="react-select-5-live-region"
          />
          <span
            aria-atomic="false"
            aria-live="polite"
            aria-relevant="additions text"
            className="css-1f43avz-a11yText-A11yText"
          />
          <div
            className="option-search__control css-13cymwt-control"
            onMouseDown={[Function]}
            onTouchEnd={[Function]}
          >
            <div
              className="option-search__value-container css-1fdsijx-ValueContainer"
            >
              <div
                className="option-search__placeholder css-1jqq78o-placeholder"
                id="react-select-5-placeholder"
              >
                placeholder.provider
              </div>
              <div
                className="option-search__input-container css-qbdosj-Input"
                data-value=""
              >
                <input
                  aria-autocomplete="list"
                  aria-describedby="react-select-5-placeholder"
                  aria-expanded={false}
                  aria-haspopup={true}
                  aria-invalid={false}
                  aria-label="placeholder.provider"
                  aria-labelledby="provider"
                  autoCapitalize="none"
                  autoComplete="off"
                  autoCorrect="off"
                  className="option-search__input"
                  disabled={false}
                  id="provider"
                  onBlur={[Function]}
                  onChange={[Function]}
                  onFocus={[Function]}
                  role="combobox"
                  spellCheck="false"
                  style={
                    {
                      "background": 0,
                      "border": 0,
                      "color": "inherit",
                      "font": "inherit",
                      "gridArea": "1 / 2",
                      "label": "input",
                      "margin": 0,
                      "minWidth": "2px",
                      "opacity": 1,
                      "outline": 0,
                      "padding": 0,
                      "width": "100%",
                    }
                  }
                  tabIndex={0}
                  type="text"
                  value=""
                />
              </div>
            </div>
            <div
              className="option-search__indicators css-1hb7zxy-IndicatorsContainer"
            >
              <span
                className="option-search__indicator-separator css-1u9des2-indicatorSeparator"
              />
              <div
                aria-hidden="true"
                className="option-search__indicator option-search__dropdown-indicator css-1xc3v61-indicatorContainer"
                onMouseDown={[Function]}
                onTouchEnd={[Function]}
              >
                <svg
                  aria-hidden="true"
                  className="css-tj5bde-Svg"
                  focusable="false"
                  height={20}
                  viewBox="0 0 20 20"
                  width={20}
                >
                  <path
                    d="M4.516 7.548c0.436-0.446 1.043-0.481 1.576 0l3.908 3.747 3.908-3.747c0.533-0.481 1.141-0.446 1.574 0 0.436 0.445 0.408 1.197 0 1.615-0.406 0.418-4.695 4.502-4.695 4.502-0.217 0.223-0.502 0.335-0.787 0.335s-0.57-0.112-0.789-0.335c0 0-4.287-4.084-4.695-4.502s-0.436-1.17 0-1.615z"
                  />
                </svg>
              </div>
            </div>
          </div>
          <input
            name="provider"
            type="hidden"
            value=""
          />
        </div>
      </div>
    </div>
  </div>,
  <div
    className="row"
  >
    <div
      className="textfield col"
    >
      <div
        className="mb-3"
      >
        <label
          className="form-label"
          htmlFor="provider_role"
        >
          values.provider_role
        </label>
        <input
          aria-invalid={false}
          className="form-control"
          disabled={false}
          id="provider_role"
          name="provider_role"
          onChange={[Function]}
          placeholder="placeholder.provider_role"
          type="text"
          value=""
        />
      </div>
    </div>
  </div>,
  <div
    className="row"
  >
    <div
      className="textfield col"
    >
      <div
        className="mb-3"
      >
        <label
          className="form-label"
          htmlFor="provider_contact"
        >
          values.provider_contact
        </label>
        <input
          aria-invalid={false}
          className="form-control"
          disabled={false}
          id="provider_contact"
          name="provider_contact"
          onChange={[Function]}
          placeholder="placeholder.provider_contact"
          type="text"
          value=""
        />
      </div>
    </div>
  </div>,
  <div
    className="row"
  >
    <div
      className="textfield col"
    >
      <div
        className="mb-3"
      >
        <label
          className="form-label"
          htmlFor="additional_contacts"
        >
          values.additional_contacts
        </label>
        <textarea
          aria-invalid={false}
          className="form-control"
          disabled={false}
          id="additional_contacts"
          name="additional_contacts"
          onChange={[Function]}
          placeholder="placeholder.additional_contacts"
          value=""
        />
      </div>
    </div>
  </div>,
  <div
    className="row"
  >
    <h2>
      service.extra
    </h2>
  </div>,
  <div
    className="row"
  >
    <div>
      <div
        className="mb-3"
      >
        <label
          className="form-label"
          htmlFor="customership"
        >
          values.customership
        </label>
        <div
          className=" css-b62m3t-container"
          onKeyDown={[Function]}
        >
          <span
            className="css-1f43avz-a11yText-A11yText"
            id="react-select-6-live-region"
          />
          <span
            aria-atomic="false"
            aria-live="polite"
            aria-relevant="additions text"
            className="css-1f43avz-a11yText-A11yText"
          />
          <div
            className="option-search__control css-13cymwt-control"
            onMouseDown={[Function]}
            onTouchEnd={[Function]}
          >
            <div
              className="option-search__value-container option-search__value-container--is-multi css-1fdsijx-ValueContainer"
            >
              <div
                className="option-search__placeholder css-1jqq78o-placeholder"
                id="react-select-6-placeholder"
              >
                placeholder.customership
              </div>
              <input
                aria-autocomplete="list"
                aria-describedby="react-select-6-placeholder"
                aria-expanded={false}
                aria-haspopup={true}
                aria-invalid={false}
                aria-label="placeholder.customership"
                aria-labelledby="customership"
                aria-readonly={true}
                className="css-mohuvp-dummyInput-DummyInput"
                disabled={false}
                id="customership"
                inputMode="none"
                onBlur={[Function]}
                onChange={[Function]}
                onFocus={[Function]}
                role="combobox"
                tabIndex={0}
                value=""
              />
            </div>
            <div
              className="option-search__indicators css-1hb7zxy-IndicatorsContainer"
            >
              <span
                className="option-search__indicator-separator css-1u9des2-indicatorSeparator"
              />
              <div
                aria-hidden="true"
                className="option-search__indicator option-search__dropdown-indicator css-1xc3v61-indicatorContainer"
                onMouseDown={[Function]}
                onTouchEnd={[Function]}
              >
                <svg
                  aria-hidden="true"
                  className="css-tj5bde-Svg"
                  focusable="false"
                  height={20}
                  viewBox="0 0 20 20"
                  width={20}
                >
                  <path
                    d="M4.516 7.548c0.436-0.446 1.043-0.481 1.576 0l3.908 3.747 3.908-3.747c0.533-0.481 1.141-0.446 1.574 0 0.436 0.445 0.408 1.197 0 1.615-0.406 0.418-4.695 4.502-4.695 4.502-0.217 0.223-0.502 0.335-0.787 0.335s-0.57-0.112-0.789-0.335c0 0-4.287-4.084-4.695-4.502s-0.436-1.17 0-1.615z"
                  />
                </svg>
              </div>
            </div>
          </div>
          <div>
            <input
              name="customership"
              type="hidden"
              value=""
            />
          </div>
        </div>
      </div>
    </div>
  </div>,
  <div
    className="row"
  >
    <div
      className="textfield col"
    >
      <div
        className="mb-3"
      >
        <label
          className="form-label"
          htmlFor="validity_type"
        >
          values.validity_type
        </label>
        <select
          aria-invalid={false}
          className="form-select"
          disabled={false}
          id="validity_type"
          name="validity_type"
          onChange={[Function]}
          placeholder="placeholder.validity_type"
          value="ongoing"
        >
          <option
            value="ongoing"
          >
            select.ongoing
          </option>
          <option
            value="temporary"
          >
            select.temporary
          </option>
        </select>
      </div>
    </div>
  </div>,
  <div>
    <button
      className="action-button btn btn-secondary"
      onClick={[Function]}
      type="button"
    >
      service.create
    </button>
  </div>,
]
`;
