// Jest Snapshot v1, https://goo.gl/fbAQLP

exports[`<ProviderDisplay /> Snapshot renders correctly 1`] = `
<div
  className="directory-wrapper container"
>
  <div
    className="display-header row"
  >
    <h1 />
  </div>
  <div
    className="display-description row"
  >
    <h2 />
  </div>
  <div
    className="display row"
  >
    <div
      className="row"
    >
      <h3 />
      <p />
    </div>
  </div>
  <div
    className="display row"
  >
    <div
      className="row"
    >
      <h3 />
      <p />
    </div>
  </div>
  <div
    className="display row"
  >
    <div
      className="row"
    >
      <h3 />
      <p />
    </div>
  </div>
  <div
    className="display row"
  >
    <div
      className="row"
    >
      <h3 />
      <p />
    </div>
  </div>
  <div
    className="display-description row"
  >
    <h2 />
  </div>
  <div
    className="display row"
  >
    <div
      className="row"
    >
      <h3 />
      <p />
    </div>
  </div>
  <div
    className="display row"
  >
    <div
      className="row"
    >
      <h3 />
      <p />
    </div>
  </div>
  <div
    className="display row"
  >
    <div
      className="row"
    >
      <h3 />
      <p />
    </div>
  </div>
  <div
    className="display row"
  >
    <div
      className="row"
    >
      <h3 />
      <p />
    </div>
  </div>
  <div
    className="display row"
  >
    <div
      className="row"
    >
      <h3 />
      <p />
    </div>
  </div>
  <div
    className="display row"
  >
    <div
      className="row"
    >
      <h3 />
      <p />
    </div>
  </div>
  <div
    className="display-description row"
  >
    <h2 />
  </div>
  <div
    className="display row"
  >
    <h3>
      :
    </h3>
    <h4 />
  </div>
  <div
    className="display row"
  >
    <h3>
      :
    </h3>
    <h4 />
  </div>
  <div
    className="display row"
  >
    <h3>
      :
    </h3>
    <h4 />
  </div>
  <div
    className="display row"
  >
    <div
      className="row"
    >
      <h3 />
      <p />
    </div>
  </div>
  <div
    className="display-description row"
  >
    <h2 />
  </div>
  <div
    className="display row"
  >
    <div
      className="row"
    >
      <h3 />
      <a
        href=""
        rel="noopener noreferrer"
        target="_blank"
      >
         (Aukeaa uudessa ikkunassa)
      </a>
    </div>
  </div>
  <div
    className="action-buttons"
  >
    <button
      className="action-button btn btn-secondary disabled"
      disabled={true}
      onClick={[Function]}
      type="button"
    >
      button.copy
    </button>
    <button
      className="action-button btn btn-secondary"
      disabled={false}
      onClick={[Function]}
      type="button"
    >
      button.delete
    </button>
    <button
      className="action-button btn btn-secondary"
      disabled={false}
      onClick={[Function]}
      type="button"
    >
      button.edit
    </button>
  </div>
</div>
`;
