// Jest Snapshot v1, https://goo.gl/fbAQLP

exports[`<ActionButton /> Snapshot renders correctly 1`] = `
[
  <button
    className="action-button btn btn-secondary"
    disabled={false}
    onClick={[Function]}
    type="button"
  >
    button.create
  </button>,
  ",",
]
`;
